[neuroexpert.in/index.html]
[backblue.gif]
[fade.gif]
[index.html]
[neuroexpert.in/assets/logo.png]
[neuroexpert.in/assets/img/apple-touch-icon.png]
[neuroexpert.in/assets/vendor/bootstrap/css/bootstrap.min.css]
[neuroexpert.in/assets/vendor/icofont/icofont.min.css]
[neuroexpert.in/assets/vendor/boxicons/css/boxicons.min.css]
[neuroexpert.in/assets/vendor/owl.carousel/assets/owl.carousel.min.css]
[neuroexpert.in/assets/vendor/venobox/venobox.css]
[neuroexpert.in/assets/vendor/remixicon/remixicon.css]
[neuroexpert.in/assets/vendor/aos/aos.css]
[neuroexpert.in/assets/css/style.css]
[cdn.jsdelivr.net/npm/slick-carousel@1.8.1/slick/slick.css]
[neuroexpert.in/index-2.html]
[neuroexpert.in/about-us.html]
[neuroexpert.in/about.html]
[neuroexpert.in/Acute-Stroke-Interventions.html]
[neuroexpert.in/Cerebral-Aneurysm.html]
[neuroexpert.in/Cerebral-Arteriovenous-Malformation.html]
[neuroexpert.in/Trigeminal-Neuralgia.html]
[neuroexpert.in/Cerebellopontine-angle-CPA-tumors.html]
[neuroexpert.in/Skull-Base-Surgery.html]
[neuroexpert.in/Hydrocephalus.html]
[neuroexpert.in/Normal-Pressure-Hydrocephalus.html]
[neuroexpert.in/Ventricular-Tumors.html]
[neuroexpert.in/Brain-Hemorrhage.html]
[neuroexpert.in/Extradural-Hematoma.html]
[neuroexpert.in/Subdural-Hematomas.html]
[neuroexpert.in/Pediatric-Neurosurgery.html]
[neuroexpert.in/Head-Injuries-and-Brain-Fractures.html]
[neuroexpert.in/Deep-brain-stimulation.html]
[neuroexpert.in/Deep-Brain-Stimulation-for-Movement-Disorders.html]
[neuroexpert.in/Pituitary-Tumor.html]
[neuroexpert.in/Digital-Subtraction-Angiography.html]
[neuroexpert.in/Carotid-Angioplasty-Stenting.html]
[neuroexpert.in/Cerebral-Aneurysm-Coiling.html]
[neuroexpert.in/Arteriovenous-Malformation.html]
[neuroexpert.in/Carotid-Artery-Stenosis.html]
[neuroexpert.in/Av-Fistula.html]
[neuroexpert.in/Spinal-DSA.html]
[neuroexpert.in/Tethered-cord-syndrome.html]
[neuroexpert.in/Diastematomyelia.html]
[neuroexpert.in/Hydrocephalus-Neurosurgery.html]
[neuroexpert.in/Pediatric-Brain-tumors.html]
[neuroexpert.in/Craniosynostosis.html]
[neuroexpert.in/Meningomyelocele.html]
[neuroexpert.in/Minimally-Invasive-Spine-Surgeries.html]
[neuroexpert.in/Microdiscectomy.html]
[neuroexpert.in/Metastatic-Spinal-Column-Tumors.html]
[neuroexpert.in/Primary-Intradural-Spinal-Tumors.html]
[neuroexpert.in/Laminectomy.html]
[neuroexpert.in/Spinal-Decompression-and-Fixation.html]
[neuroexpert.in/Endoscopic-decompression.html]
[neuroexpert.in/Transforaminal-Lumbar-Interbody-Fusion.html]
[neuroexpert.in/Kyphoplasty.html]
[neuroexpert.in/Laminoplasty.html]
[neuroexpert.in/Vertebroplasty.html]
[neuroexpert.in/Neuro-oncological-Treatment.html]
[neuroexpert.in/C1-2-FIXATION-FOR-AAD.html]
[neuroexpert.in/Spinal-Trauma.html]
[neuroexpert.in/patient.html]
[neuroexpert.in/blog.html]
[neuroexpert.in/assets/portfolio/1.jpg]
[neuroexpert.in/assets/DR-VIKAS.jpg]
[neuroexpert.in/assets/portfolio/2.jpg]
[neuroexpert.in/assets/portfolio/3.jpg]
[neuroexpert.in/assets/portfolio/4.jpg]
[neuroexpert.in/assets/portfolio/5.jpg]
[neuroexpert.in/assets/portfolio/7.jpg]
[neuroexpert.in/assets/portfolio/8.jpg]
[neuroexpert.in/assets/portfolio/9.jpg]
[neuroexpert.in/assets/portfolio/10.jpg]
[neuroexpert.in/assets/portfolio/11.jpg]
[neuroexpert.in/assets/testimonial/vishnu.jpg]
[neuroexpert.in/assets/testimonial/prakhar.jpg]
[neuroexpert.in/assets/testimonial/meena.jpg]
[neuroexpert.in/assets/testimonial/saket.jpg]
[neuroexpert.in/assets/testimonial/rohan.jpg]
[neuroexpert.in/assets/testimonial/keshav.jpg]
[neuroexpert.in/assets/vendor/jquery/jquery.min.js]
[neuroexpert.in/assets/vendor/bootstrap/js/bootstrap.bundle.min.js]
[neuroexpert.in/assets/vendor/jquery.easing/jquery.easing.min.js]
[neuroexpert.in/assets/vendor/php-email-form/validate.js]
[neuroexpert.in/assets/vendor/owl.carousel/owl.carousel.min.js]
[neuroexpert.in/assets/vendor/isotope-layout/isotope.pkgd.min.js]
[neuroexpert.in/assets/vendor/venobox/venobox.min.js]
[neuroexpert.in/assets/vendor/waypoints/jquery.waypoints.min.js]
[neuroexpert.in/assets/vendor/counterup/counterup.min.js]
[neuroexpert.in/assets/vendor/aos/aos.js]
[cdn.jsdelivr.net/npm/slick-carousel@1.8.1/slick/slick.min.js]
[smtpjs.com/v3/smtp.js]
[neuroexpert.in/assets/js/main.js]
[neuroexpert.in/index.html]
[neuroexpert.in/assets/vendor/bootstrap/css/bootstrap.min.css]
[neuroexpert.in/assets/vendor/icofont/fonts/icofont.woff2]
[neuroexpert.in/assets/vendor/icofont/icofont.min.css]
[neuroexpert.in/assets/vendor/icofont/fonts/icofont.woff]
[neuroexpert.in/assets/vendor/boxicons/fonts/boxicons.eot]
[neuroexpert.in/assets/vendor/boxicons/fonts/boxicons.woff2]
[neuroexpert.in/assets/vendor/boxicons/fonts/boxicons.woff]
[neuroexpert.in/assets/vendor/boxicons/fonts/boxicons.ttf]
[neuroexpert.in/assets/vendor/boxicons/css/boxicons.min.css]
[neuroexpert.in/assets/vendor/boxicons/fonts/boxiconsd41d.svg]
[neuroexpert.in/assets/vendor/owl.carousel/assets/owl.video.play.png]
[neuroexpert.in/assets/vendor/owl.carousel/assets/owl.carousel.min.css]
[neuroexpert.in/assets/vendor/venobox/venobox.css]
[neuroexpert.in/assets/vendor/remixicon/remixicondf6d.eot]
[neuroexpert.in/assets/vendor/remixicon/remixicondf6d.woff2]
[neuroexpert.in/assets/vendor/remixicon/remixicondf6d.woff]
[neuroexpert.in/assets/vendor/remixicon/remixicondf6d.ttf]
[neuroexpert.in/assets/vendor/remixicon/remixicon.css]
[neuroexpert.in/assets/vendor/aos/aos.css]
[neuroexpert.in/assets/vendor/remixicon/remixicondf6d.svg]
[neuroexpert.in/assets/banner.jpg]
[neuroexpert.in/assets/call-to-action.jpg]
[neuroexpert.in/assets/achevement.jpg]
[neuroexpert.in/assets/css/style.css]
[cdn.jsdelivr.net/npm/slick-carousel@1.8.1/slick/slick.css]
[neuroexpert.in/index-2.html]
[neuroexpert.in/assets/img/testimonials-bg.jpg]
[neuroexpert.in/assets/patient/5.jpg]
[neuroexpert.in/about-us.html]
[neuroexpert.in/about.html]
[neuroexpert.in/assets/patient/6.jpg]
[neuroexpert.in/contact-form.html]
[neuroexpert.in/Acute-Stroke-Interventions.html]
[neuroexpert.in/contact-forms.html]
[neuroexpert.in/Cerebral-Aneurysm.html]
[neuroexpert.in/Cerebral-Arteriovenous-Malformation.html]
[neuroexpert.in/Trigeminal-Neuralgia.html]
[neuroexpert.in/Cerebellopontine-angle-CPA-tumors.html]
[neuroexpert.in/Skull-Base-Surgery.html]
[neuroexpert.in/Hydrocephalus.html]
[neuroexpert.in/Normal-Pressure-Hydrocephalus.html]
[neuroexpert.in/Ventricular-Tumors.html]
[neuroexpert.in/Brain-Hemorrhage.html]
[neuroexpert.in/Extradural-Hematoma.html]
[neuroexpert.in/Subdural-Hematomas.html]
[neuroexpert.in/Pediatric-Neurosurgery.html]
[neuroexpert.in/Head-Injuries-and-Brain-Fractures.html]
[neuroexpert.in/Deep-brain-stimulation.html]
[neuroexpert.in/Deep-Brain-Stimulation-for-Movement-Disorders.html]
[neuroexpert.in/Pituitary-Tumor.html]
[neuroexpert.in/Digital-Subtraction-Angiography.html]
[neuroexpert.in/Carotid-Angioplasty-Stenting.html]
[neuroexpert.in/Cerebral-Aneurysm-Coiling.html]
[neuroexpert.in/Arteriovenous-Malformation.html]
[neuroexpert.in/Carotid-Artery-Stenosis.html]
[neuroexpert.in/Av-Fistula.html]
[neuroexpert.in/Spinal-DSA.html]
[neuroexpert.in/Tethered-cord-syndrome.html]
[neuroexpert.in/Diastematomyelia.html]
[neuroexpert.in/Hydrocephalus-Neurosurgery.html]
[neuroexpert.in/Pediatric-Brain-tumors.html]
[neuroexpert.in/Craniosynostosis.html]
[neuroexpert.in/Meningomyelocele.html]
[neuroexpert.in/Minimally-Invasive-Spine-Surgeries.html]
[neuroexpert.in/Microdiscectomy.html]
[neuroexpert.in/Metastatic-Spinal-Column-Tumors.html]
[neuroexpert.in/Primary-Intradural-Spinal-Tumors.html]
[neuroexpert.in/Laminectomy.html]
[neuroexpert.in/Spinal-Decompression-and-Fixation.html]
[neuroexpert.in/Endoscopic-decompression.html]
[neuroexpert.in/Transforaminal-Lumbar-Interbody-Fusion.html]
[neuroexpert.in/Kyphoplasty.html]
[neuroexpert.in/Laminoplasty.html]
[neuroexpert.in/Vertebroplasty.html]
[neuroexpert.in/Neuro-oncological-Treatment.html]
[neuroexpert.in/C1-2-FIXATION-FOR-AAD.html]
[neuroexpert.in/Spinal-Trauma.html]
[neuroexpert.in/assets/patient/9.jpg]
[neuroexpert.in/assets/patient/10.jpg]
[neuroexpert.in/assets/patient/11.jpg]
[neuroexpert.in/assets/patient/1.jpg]
[neuroexpert.in/assets/patient/2.jpg]
[neuroexpert.in/assets/patient/12.jpg]
[neuroexpert.in/assets/patient/3.jpg]
[neuroexpert.in/assets/patient/7.jpg]
[neuroexpert.in/assets/patient/8.jpg]
[neuroexpert.in/patient.html]
[neuroexpert.in/assets/patient/13.jpg]
[neuroexpert.in/Neurological-Consequences-of-Covid-19.html]
[neuroexpert.in/assets/blog/NEUROLOGICAL CONSEQUENCES OF COVID 19.jpg]
[neuroexpert.in/Yoga-for-Back-Pain.html]
[neuroexpert.in/assets/blog/YOGA FOR BACK PAIN.jpg]
[neuroexpert.in/Nine-Best-Brain-Food.html]
[neuroexpert.in/assets/blog/NINE BEST BRAIN FOOD.jpg]
[neuroexpert.in/What-Are-Pituitary-Tumors.html]
[neuroexpert.in/assets/blog/WHAT ARE PITUITARY TUMORS.jpg]
[neuroexpert.in/All-You-Should-Know-About-Brain-Tumors.html]
[neuroexpert.in/assets/blog/ALL YOU SHOULD KNOW ABOUT BRAIN TUMORS.jpg]
[neuroexpert.in/Interesting-Fact-About-the-Human-Brain.html]
[neuroexpert.in/assets/blog/INTERESTING FACT ABOUT THE HUMAN BRAIN.jpg]
[neuroexpert.in/What-Is-Brain-Surgery.html]
[neuroexpert.in/What-is-Brain-Injury.html]
[neuroexpert.in/Brain-Stroke-Warning-Signs.html]
[neuroexpert.in/assets/blog/BRAIN STROKE WARNING SIGNS.jpg]
[neuroexpert.in/Can-A-Child-with-Spina-bifida-Walk.html]
[neuroexpert.in/blog.html]
[neuroexpert.in/assets/vendor/boxicons/fonts/boxiconsd41d.svg]
[neuroexpert.in/assets/vendor/remixicon/remixicondf6d.svg]
[neuroexpert.in/contact-form.html]
[neuroexpert.in/contact-forms.html]
[neuroexpert.in/Neurological-Consequences-of-Covid-19.html]
[neuroexpert.in/Yoga-for-Back-Pain.html]
[neuroexpert.in/Nine-Best-Brain-Food.html]
[neuroexpert.in/What-Are-Pituitary-Tumors.html]
[neuroexpert.in/All-You-Should-Know-About-Brain-Tumors.html]
[neuroexpert.in/Interesting-Fact-About-the-Human-Brain.html]
[neuroexpert.in/What-Is-Brain-Surgery.html]
[neuroexpert.in/What-is-Brain-Injury.html]
[neuroexpert.in/Brain-Stroke-Warning-Signs.html]
[neuroexpert.in/Can-A-Child-with-Spina-bifida-Walk.html]
